ep   1 [A] encontros=1 passos1o=240 ent=1.519 top=2(109/400)
ep   2 [A] encontros=2 passos1o=129 ent=1.167 top=1(215/400)
ep   3 [A] encontros=1 passos1o=93 ent=0.748 top=3(215/400)
ep   4 [A] encontros=1 passos1o=16 ent=0.019 top=3(400/400)
ep   5 [A] encontros=1 passos1o=278 ent=0.016 top=3(399/400)
ep   6 [A] encontros=3 passos1o=76 ent=0.045 top=3(396/400)
ep   7 [A] encontros=0 passos1o=None ent=0.036 top=3(395/400)
ep   8 [A] encontros=3 passos1o=210 ent=0.012 top=3(399/400)
ep   9 [A] encontros=1 passos1o=216 ent=0.004 top=3(400/400)
ep  10 [A] encontros=1 passos1o=231 ent=0.004 top=3(400/400)
ep  11 [B] encontros=1 passos1o=170 ent=0.007 top=3(400/400)
ep  12 [B] encontros=0 passos1o=None ent=0.043 top=3(313/400)
ep  13 [B] encontros=1 passos1o=232 ent=0.000 top=3(400/400)
ep  14 [B] encontros=1 passos1o=338 ent=-0.000 top=4(400/400)
ep  15 [B] encontros=0 passos1o=None ent=-0.000 top=0(400/400)
ep  16 [B] encontros=1 passos1o=167 ent=0.000 top=4(400/400)
ep  17 [B] encontros=2 passos1o=92 ent=0.212 top=0(206/400)
ep  18 [B] encontros=0 passos1o=None ent=-0.000 top=4(400/400)
ep  19 [B] encontros=0 passos1o=None ent=-0.000 top=0(400/400)
ep  20 [B] encontros=3 passos1o=43 ent=0.000 top=4(400/400)
ep  21 [B] encontros=0 passos1o=None ent=-0.000 top=0(400/400)
ep  22 [B] encontros=2 passos1o=231 ent=-0.000 top=4(400/400)
ep  23 [B] encontros=0 passos1o=None ent=0.000 top=4(400/400)
ep  24 [B] encontros=0 passos1o=None ent=0.000 top=0(400/400)
ep  25 [B] encontros=0 passos1o=None ent=0.000 top=4(400/400)
ep  26 [B] encontros=0 passos1o=None ent=-0.000 top=4(400/400)
ep  27 [B] encontros=0 passos1o=None ent=0.377 top=0(244/400)
ep  28 [B] encontros=1 passos1o=138 ent=-0.000 top=4(400/400)
ep  29 [B] encontros=2 passos1o=208 ent=-0.000 top=4(400/400)
ep  30 [B] encontros=2 passos1o=77 ent=0.000 top=4(400/400)
ep  31 [C] encontros=0 passos1o=None ent=0.000 top=0(400/400)
ep  32 [C] encontros=1 passos1o=33 ent=0.000 top=0(400/400)
ep  33 [C] encontros=0 passos1o=None ent=0.000 top=0(400/400)
ep  34 [C] encontros=1 passos1o=28 ent=0.000 top=0(400/400)
ep  35 [C] encontros=0 passos1o=None ent=0.000 top=0(400/400)
ep  36 [C] encontros=0 passos1o=None ent=0.000 top=0(400/400)
ep  37 [C] encontros=0 passos1o=None ent=0.000 top=0(400/400)
ep  38 [C] encontros=1 passos1o=254 ent=0.000 top=0(400/400)
ep  39 [C] encontros=0 passos1o=None ent=0.000 top=0(400/400)
ep  40 [C] encontros=0 passos1o=None ent=0.000 top=0(400/400)
ep  41 [C] encontros=0 passos1o=None ent=0.000 top=0(400/400)
ep  42 [C] encontros=0 passos1o=None ent=0.000 top=0(400/400)
ep  43 [C] encontros=0 passos1o=None ent=0.000 top=0(400/400)
ep  44 [C] encontros=1 passos1o=136 ent=0.000 top=0(400/400)
ep  45 [C] encontros=0 passos1o=None ent=0.000 top=0(400/400)
ep  46 [C] encontros=0 passos1o=None ent=0.000 top=0(400/400)
ep  47 [C] encontros=0 passos1o=None ent=0.000 top=0(400/400)
ep  48 [C] encontros=0 passos1o=None ent=0.000 top=0(400/400)
ep  49 [C] encontros=1 passos1o=13 ent=0.000 top=0(400/400)
ep  50 [C] encontros=1 passos1o=38 ent=0.000 top=0(400/400)
ep  51 [C] encontros=0 passos1o=None ent=0.000 top=0(400/400)
ep  52 [C] encontros=1 passos1o=194 ent=0.000 top=0(400/400)
ep  53 [C] encontros=1 passos1o=52 ent=0.000 top=0(400/400)
ep  54 [C] encontros=0 passos1o=None ent=0.000 top=0(400/400)
ep  55 [C] encontros=0 passos1o=None ent=0.000 top=0(400/400)
ep  56 [C] encontros=0 passos1o=None ent=0.000 top=0(400/400)
ep  57 [C] encontros=0 passos1o=None ent=0.000 top=0(400/400)
ep  58 [C] encontros=0 passos1o=None ent=0.000 top=0(400/400)
ep  59 [C] encontros=0 passos1o=None ent=0.000 top=0(400/400)
ep  60 [C] encontros=0 passos1o=None ent=0.000 top=0(400/400)
ep  61 [C] encontros=0 passos1o=None ent=0.000 top=0(400/400)
ep  62 [C] encontros=0 passos1o=None ent=0.000 top=0(400/400)
ep  63 [C] encontros=1 passos1o=80 ent=0.000 top=0(400/400)
ep  64 [C] encontros=0 passos1o=None ent=0.000 top=0(400/400)
ep  65 [C] encontros=1 passos1o=286 ent=0.000 top=0(400/400)
ep  66 [C] encontros=0 passos1o=None ent=0.000 top=0(400/400)
ep  67 [C] encontros=0 passos1o=None ent=0.000 top=0(400/400)
ep  68 [C] encontros=0 passos1o=None ent=0.000 top=0(400/400)
ep  69 [C] encontros=0 passos1o=None ent=0.000 top=0(400/400)
ep  70 [C] encontros=0 passos1o=None ent=0.000 top=0(400/400)
ep  71 [C] encontros=0 passos1o=None ent=0.000 top=0(400/400)
ep  72 [C] encontros=0 passos1o=None ent=0.000 top=0(400/400)
ep  73 [C] encontros=1 passos1o=173 ent=0.000 top=0(400/400)
ep  74 [C] encontros=0 passos1o=None ent=0.000 top=0(400/400)
ep  75 [C] encontros=0 passos1o=None ent=0.000 top=0(400/400)
ep  76 [C] encontros=0 passos1o=None ent=0.000 top=0(400/400)
ep  77 [C] encontros=1 passos1o=19 ent=0.000 top=0(400/400)
ep  78 [C] encontros=1 passos1o=152 ent=0.000 top=0(400/400)
ep  79 [C] encontros=0 passos1o=None ent=0.000 top=0(400/400)
ep  80 [C] encontros=0 passos1o=None ent=0.000 top=0(400/400)
ep  81 [C] encontros=0 passos1o=None ent=0.000 top=0(400/400)
ep  82 [C] encontros=0 passos1o=None ent=0.000 top=0(400/400)
ep  83 [C] encontros=0 passos1o=None ent=0.000 top=0(400/400)
ep  84 [C] encontros=1 passos1o=246 ent=0.000 top=0(400/400)
ep  85 [C] encontros=0 passos1o=None ent=0.000 top=0(400/400)
ep  86 [C] encontros=0 passos1o=None ent=0.000 top=0(400/400)
ep  87 [C] encontros=0 passos1o=None ent=0.000 top=0(400/400)
ep  88 [C] encontros=0 passos1o=None ent=0.000 top=0(400/400)
ep  89 [C] encontros=0 passos1o=None ent=0.000 top=0(400/400)
ep  90 [C] encontros=1 passos1o=122 ent=0.000 top=0(400/400)
ep  91 [C] encontros=0 passos1o=None ent=0.000 top=0(400/400)
ep  92 [C] encontros=0 passos1o=None ent=0.000 top=0(400/400)
ep  93 [C] encontros=1 passos1o=24 ent=0.000 top=0(400/400)
ep  94 [C] encontros=0 passos1o=None ent=0.000 top=0(400/400)
ep  95 [C] encontros=0 passos1o=None ent=0.000 top=0(400/400)
ep  96 [C] encontros=1 passos1o=224 ent=0.000 top=0(400/400)
ep  97 [C] encontros=0 passos1o=None ent=0.000 top=0(400/400)
ep  98 [C] encontros=0 passos1o=None ent=0.000 top=0(400/400)
ep  99 [C] encontros=0 passos1o=None ent=0.000 top=0(400/400)
ep 100 [C] encontros=0 passos1o=None ent=0.000 top=0(400/400)
==================================================
maze=A eps=100 seed=42 train=True eps_greedy=0.0 bc=False dqn=False
% com encontro: 36.0%  media encontros/ep: 0.47
ESTAGIO C: encontros=[1, 0, 0, 0, 0] ent_media=0.000
passos ate 1o (mediana): 152  min: 13  media: 146.1
pesos salvos em pesos_L17_ppo.json
CSV salvo em ppo_A100.csv (15 cols = GUI)
